em 0 -25546.0
em 5 -20207.6
em 10 -20098.6
em 15 -20075.3
em 20 -20067.7
em 25 -20064.4
em 29 -20063.0
round 0 done
round 1 done
round 2 done
== P1 ==
P1.01 leuthen anzeigen b welche in kriegsleslen erfaren
P1.02 d bekomst t seine leuht rren wie etwan sein aller ehe
P1.03 in cri stedt wider trosten b was der uon den teutsheu
P1.04 ptstenge uon dem turcken bleke end dest weiss blut
P1.05 es dass dientt uerborgen das et lest weile uon der
P1.06 erlich gesehen tag u heiten auch etlich trewlich des
P1.07 turcken kriegsuolck [ut decem et viginti ann..] emig ia er kl
P1.08 agen halten welchs b wenig nutz wie eur [F.G.] selb wer bedenck
P1.09 en mugen bracht hat so ehe noch beiden ungern in langen
P1.10 gedechtnus b was kaisers ihm und welcher hasts zun
P1.11 gen landt un uerwart regiert darzu behaim dritt
