em 0 -39462.1
em 5 -31378.6
em 10 -31231.1
em 15 -31200.9
em 20 -31189.9
em 25 -31184.9
em 29 -31182.7
round 0 done
round 1 done
round 2 done
== P1 ==
P1.01 s das uenedig ist thurst und lehen irer und es dus
P1.02 februarii ein de [F.G.] i [F.G.] s reinen durst iar ffen eckel un er ant
P1.03 wort dem stuhl ist meint so lesst gold oder pflissnachkomen
P1.04 d der ach dein dessem ortte uelsen angezeigt du [als nemlich] uch wie e
P1.05 eur [F.G.] den sein romischen kunig sei in dass endt sich etlicher
P1.06 sachen mit ime uerglichen trew und des domit ein der hort so mir er
P1.07 eur [F.G.] hort redt herr toben du [das ist daran gelegen, wan schon] cht wen
P1.08 schen eur [F.G.] ene ein romischen kunigs es ein uerbi dig und den
P1.09 mit irer theur [F.G.] gegen spreissen eh wie uor [F.G.] sich mit dem
P1.10 thin kurtz mit derstbnfederation zuuergleichen guete i
P1.11 m ofnung weren wie aber eur [F.G.] mer so nun thun eins edlen die
