em 0 -4686.6
em 5 -3622.3
em 10 -3605.3
em 15 -3601.0
em 20 -3598.5
em 25 -3596.2
em 29 -3595.2
round 0 done
round 1 done
round 2 done
== P1 ==
P1.01 enthalb sten bis eur [F.G.] zu seiner heit darumb wolan [strucx:q#] legen
P1.02 den ich one teutsch kriegsuolck nit sein wils g [Das] eur [F.G.] mit
P1.03 [K] uertragen und h mit mit sabbt de sol ausserhalb eur [F.G.]
P1.04 sich auch uertragen da wercket die hette se handlung
P1.05 auch desolurbss ist ebenem standen [halt auf dem] de der
P1.06 sachen haltend das erituunig uon dreisch reich also ge
P1.07 handelt nit so uil als uor [Das aber] dig eur [F.G.] gegen [K] ser
P1.08 e haltend reisten bedenckt sich ich des zum hochsten
P1.09 geben eur [F.G.] wil auch so sichs geben eurn [F.G.] als irer bliebe
P1.10 [K] elen und d brueder in dergleiche stad uerdienen und mit [K]
P1.11 kein uertragen nemen ab ein eur [F.G.] soden auch und sunsten der
