em 0 -27337.0
em 5 -20796.9
em 10 -20705.3
em 15 -20680.1
em 20 -20670.9
em 25 -20667.2
em 29 -20665.5
round 0 done
round 1 done
round 2 done
== P1 ==
P1.01 c genedig fursten in leben char sein hhenbriefaeneren
P1.02 d der anderen mit deuten d durch charpfenickels weren thut
P1.03 haben also der huren brief geben der ab und gros freud
P1.04 empfangen in gelesen den bisher h h ein recht warhaftige
P1.05 zeitung uon dem kind zuhackenen in wie holl ihn ein che i
P1.06 st er bis uns und brueh zu eurn [F.G.] gefertigt haben so en
P1.07 un so od beiden aus dieselben brueh gar keinen thut des eb
P1.08 enen aus die brief so der noch las probiren eurn [F.G.] gebracht
P1.09 hat denn o o deus den tag ad sie noten en komen wir c haben auch eurn
P1.10 [F.G.] beides d poten in andern mer wie hirin unserm h iungsten
P1.11 schreiben angezeigt brief uberhuckt demnach hinein
