em 0 -8480.7
em 5 -7075.8
em 10 -7041.2
em 15 -7034.4
em 20 -7032.0
em 25 -7031.1
em 29 -7030.7
round 0 done
round 1 done
round 2 done
== P1 ==
P1.01 [ornamental A] hdurchleustch noch gehorn sut ist gn hembdischeldn des
P1.02 [15 Aprilis] laden wir eurn [F.G.] noui zeit sig so wider leghgnsa
P1.03 cht andern ieden eur [F.G.] wehre hendt zu deuchts er wol endt
P1.04 eur [F.G.] cnwend so diss empfahen dieweil so das er wirt der
P1.05 weil neue heit uns eur [F.G.] uon mit o on gut wissen du getragen
P1.06 fuegend wir wie mit eurn [F.G.] und ert wenig gleich iu uernemen
P1.07 [ornament] [21 Aprilis] d seiner dess ioh alle ein mit ire es on
P1.08 ankomen die mir cor den die hausze hie den de solchen mi
P1.09 t dem inhalt das sich zum teil die c uiert darum ich der ob
P1.10 ime so hans uon irer h sten die wesen nicht geschri des
P1.11 s die eers uon wegen sich einer cristen nach leiden
