restart 0: -1.843/window
restart 1: -1.843/window
restart 2: -1.843/window
best -1.8431947378804339
raraisonpartelsmoyenssansme
uantenlexecutiondeiiedictmaiscaesteenuaincarencoresq
saiseissantlespiauuresgenseetleurbeslailonsassembleonlai
mmisesaiensseulementuousdeirayquilseroitl
coresiaunelieuedesmuirsdesuillesetlieux
qeuincontinentuousyauezfaictconstruiireunecitadel
eindussansquonuioulustseulementlaisserchosequielco
pouuezremeidier
nequeda
shistoriquespcommuniqueparmlepreefetamoenonclemonisie
isfairefaulte
ene
breseniiamibassa
ieulpaternelauaitepouseisabelledena
mesloinenuoidemlesiecretairegeueraidiud
euousnestesplusseouuentenladict
ntduminist
eflieudecantondudepartementdelotetga
publicetcequeuousypouucsemployesleieuousprieafa
ordetdesenuironsfatigueeparlesgoiranyauoite
bibliotbimperdosaintpetersbourgms
oistriemon
arrestdesbateaeulxasainctiebazeilles
reetsurcemonsde
leetuousprierdetenirlam
s15=s(31) s21=u(26) s32=l(26) s2=e(24) s49=s(24) s11=n(23) s12=u(23) s25=a(22) s26=i(22) s42=e(22) s29=s(21) s55=i(20) s58=t(20) s22=a(19) s39=o(19) s5=e(19) s8=e(19) s57=e(18) s10=n(17) s33=l(17) s40=r(17) s18=e(16) s19=i(16) s35=u(16) s44=a(15) s14=c(14) s20=d(14) s46=r(14) s50=m(14) s59=t(14) s3=n(13) s37=o(13) s53=t(13) s17=m(12) s34=o(12) s47=b(12) s9=e(12) s23=r(11) s43=d(11) s0=p(10) s27=q(9) s30=e(9) s56=i(9) s28=i(8) s38=p(8) s45=c(8) s1=f(7) s24=y(6) s52=g(6) s13=x(3) s41=z(3) s6=h(2)
