restart 0: -2.968/window
restart 1: -2.985/window
restart 2: -3.009/window
restart 3: -2.978/window
best -2.967679245579604
eitsereirsilenuuuesr
desdisliieioitsermeprielayeleriolecreatuu
eetudeouendraepereetreetaulriaeeneanal
auuasereutreiolrresroiietaliosde
easmaescristentilssintieutc
lneeaneraluumroseeneiiiaaionueesiellr
oetaiioeedossaireerasselesueneditsrou
etsilslismar
eoural
nuensesseiocrttuanleesteettrelitiuori
nlerlialuts
ees
etsnelarmal
eetreneentielonliennuisiilse
dosdumaresretetriesauusitpn
etumisesraseeneslaat
euoetuo
tetstroeusersistaleeaeniar
sosuneloisienneeiioinsunassielanieaecsu
eestleuecuteesoraiieiletinueller
eretuiseiltoisaiestutese
baelsla
enituenuetcipienainsuls
epteetuoila
enietintunnlioaneta
1x=e(65) o=s(49) 2x=u(43) R=o(25) 3x=t(23) T=n(23) d=i(20) L=e(16) 4x=e(15) C=i(15) Q=l(14) U=t(14) x=l(14) K=e(13) W=e(13) 7x=t(12) P=r(12) V=i(11) 2=r(10) 9x=a(10) N=a(10) h=r(10) :=r(9) l=i(8) c=s(7) 1=a(6) 3=n(6) u=l(6) 4=i(5) 5=p(5) 6x=c(5) D=a(5) X=i(5) y=e(5) 7=m(4) 9=l(4) A=i(4) a=n(4) m=l(4) t=a(4) 5x=n(3) 8=d(3) e=s(3) f=a(3) v=d(3) z=a(3) #=n(2) 6=s(2) 8x=n(2) B=e(2) H=o(2) p=m(2) q=c(2) w=a(2) +=b(1) E=d(1) F=s(1) I=a(1) J=d(1) Z=m(1) j=d(1) k=y(1)
