restart 0: -3.196/window
restart 1: -3.187/window
restart 2: -3.133/window
restart 3: -3.140/window
best -3.133165659565252
lnlaeerneiraireuisesassesau
meeatitlidenioiusacrientunneurdenetsiuunetreinestsn
enealsatlossetiorienteretneusseenueeesauuneneesueniil
msasemalrensenareiorsuentroidetlilioarl
neesanilatesiensnettuenuaaiililsauets
riceseretsensassnroaetestneeniimiioisalesaicleu
oeeueeaiioetlroaaeiresluiaaeelenasscientdlarosa
euusaiuauitnmu
costsou
isaenialaaclutrnsnesseeueensautetesneusseullisuoui
iulreiilseust
eca
etusailleerarl
esenueslicetulieeloiuiluisedaiilaes
moarsaiireauenuneauesdesaisestaiueti
enuesenialtresaenetieetleeeene
csaoeelsao
neenusantronassaetraielilesenetfinis
aoasaullodollrileiioiiasttnesaaineeouderentsase
fcannnessneetesanteseaaouennelucliesanenuer
creenesaialnnloiteineaueseueneane
peuesetno
etiilsaestusaenuetnitineternetsale
eutleslueseoirr
cidllieuessuiuioiienuse
1=e(117) 2=s(92) o=a(74) 3=u(35) 7=n(32) 4=n(30) 9=e(28) R=o(25) T=i(23) 5=t(20) d=i(20) 6=t(16) L=l(16) C=i(15) Q=l(14) U=l(14) x=u(14) K=e(13) W=c(13) P=r(12) V=i(11) N=i(10) h=u(10) :=r(9) l=d(8) c=t(7) 8=t(6) u=n(6) D=r(5) X=n(5) y=l(5) A=l(4) a=e(4) m=r(4) t=m(4) e=e(3) f=o(3) v=r(3) z=i(3) #=r(2) B=f(2) H=u(2) p=i(2) q=t(2) w=e(2) +=p(1) E=m(1) F=o(1) I=n(1) J=m(1) Z=a(1) j=o(1) k=d(1)
