restart 0: -2.629/window
restart 1: -2.616/window
restart 2: -2.542/window
restart 3: -2.615/window
best -2.5418840987414995
nlueaaletetoneueiec
qaeetsdenttreaestroicllspasadieuslpase
nm
ouenredepartisaalaisoi
scltliasseed
rurentouaseroictstrenduederegn
l
eteuerita
lpulseeteuenir
oesinfaitaettredimalteretrenietsdec
rciteraugreenetincreeadoeesetenuetr
naetsesestrc
srniss
eteeueesiupa
enusauesdi
aissiuesrce
esnteteduao
sse
daeend
abpd
ioiinesdautadresenaeunetedei
zregretseconiinierunetiie
tiuteeust
eodecod
sraur
oae
areeateeauedit
melei
ereandrniiufensetreeen
eetlesansporeu
mse
aima
iercnllsissueulassa
sta
tenlauresneleiuilel
h
iesas
aeeui
oi
titleplusda
niuiniureop
sennueuieaestreetan
o=e(49) R=r(25) T=e(23) d=t(20) 12=i(16) L=n(16) C=e(15) Q=d(14) U=u(14) x=s(14) 41=l(13) K=s(13) W=s(13) 31=i(12) P=t(12) 17=o(11) V=e(11) 2=i(10) N=e(10) h=c(10) 19=a(9) 21=u(9) :=a(9) 14=t(8) 15=d(8) 32=a(8) l=n(8) 22=e(7) c=s(7) 1=n(6) 3=a(6) u=a(6) 16=a(5) 4=l(5) 5=i(5) D=p(5) X=l(5) y=u(5) 26=n(4) 7=t(4) 9=e(4) A=i(4) a=u(4) m=o(4) t=r(4) 13=n(3) 8=e(3) e=a(3) f=s(3) v=g(3) z=r(3) #=f(2) 11=c(2) 27=m(2) 6=o(2) 62=r(2) B=m(2) H=u(2) p=r(2) q=p(2) w=t(2) +=h(1) 23=s(1) 29=u(1) 34=n(1) 35=s(1) 39=u(1) 42=u(1) 51=e(1) 54=m(1) 58=p(1) 61=r(1) E=z(1) F=i(1) I=s(1) J=q(1) Z=b(1) j=p(1) k=a(1)
