restart 0: -2.854/window
restart 1: -2.965/window
restart 2: -2.799/window
restart 3: -2.898/window
best -2.7985408013286195
eadeetmainetsouienser
yeeitineeetuirecnpleramalaisiatillmaetsessue
ladeieunaultueestimonslreselrmomcasquen
peipeenlisetseustreinuieadeneueie
meeseneustnsfairtaleetudeeerit
sucsagitoiensnueasememtipetuueesetcntr
ucreetiuiniueeainserueeenlencueiedenue
oretleliispr
cudtpl
ueeueneecaletsesiulemereassonsladeauri
ulenttenird
sce
areuentatran
slrseucardtenuulieruieetenes
queiepenserlrmarseseuidetrau
erslienintelaucuntela
ceuedeu
stlresetumeneineendenseteoumet
eueerenuesanguesetuiuedisteetmepresaluei
ocessiseeutesesaeuraamsalcdeuemailst
cnesteteemiduiiaemarstreama
otrstiip
iuidesirelristetmaaaauienn
oedsersauisa
cueedeursaultueueri
o=e(42) 20=e(27) 3=r(27) 12=s(25) R=u(25) T=u(23) 4=m(20) d=t(20) 7=s(16) L=e(16) C=i(15) 19=e(14) 9=t(14) Q=n(14) U=d(14) x=l(14) 1=a(13) 17=l(13) K=s(13) W=c(13) P=n(12) 15=a(11) V=e(11) N=e(10) h=r(10) 14=e(9) 21=i(9) 5=e(9) :=t(9) l=e(8) 16=i(7) 22=n(7) c=i(7) 2=t(6) 8=i(6) u=i(6) 10=a(5) 13=o(5) 6=u(5) D=a(5) X=a(5) y=n(5) 26=d(4) A=a(4) a=u(4) m=s(4) t=p(4) 11=c(3) 23=a(3) 27=e(3) e=n(3) f=p(3) v=i(3) z=u(3) #=g(2) B=o(2) H=l(2) p=p(2) q=e(2) w=o(2) +=o(1) 24=f(1) E=q(1) F=s(1) I=q(1) J=y(1) Z=r(1) j=l(1) k=i(1)
