restart 0: -2.981/window
restart 1: -3.024/window
restart 2: -2.912/window
restart 3: -3.012/window
best -2.911819856991395
trinaeagoniureeeneeene
qanaisiessiretenuoisierauousmleeacauesdueleu
siienatreelemensiserareesstaenceasacetsdedi
reneentosesneserueessoreslidiernat
aaenudenleituealatlrcnnieietentre
ueuetresmeneeuornleiaaaierdireenteniuile
rctanierrearnngoetennnaisneeuesasinoren
rtenicncesure
ureleoc
eensenennulaleueueencaaentileureesclieetree
ectolidierel
sun
ltenetilauoi
esteteultiiairecetteetnieine
qrnaenidosnestaitesenneelnitle
stesenesolensleclilasp
uenraienr
ulstenuieraneenronetidiesligeade
nrnenttirsilesetseireenelaulenniaaotssoslenep
gunuumeeuallenuieinrebaslcuiesenaucse
uoaulenintamiresfaiteltsiap
hltelsmo
reeieneatenstruiiialorssenit
riiettedeuo
uestiesteetecirdestep
o=n(69) 2=e(65) 3=t(29) 12=e(27) R=r(24) T=e(23) 4=a(21) d=i(20) 7=u(18) L=t(16) 17=s(14) 19=a(14) 9=l(14) Q=i(14) U=i(14) C=e(13) K=s(13) W=u(13) x=c(13) P=o(12) 15=l(11) N=d(10) V=e(10) h=e(10) 14=s(9) 5=i(9) 6=l(9) :=e(8) 16=r(7) c=s(7) l=s(7) 13=r(6) 8=a(6) 1o=i(5) u=m(5) y=e(5) 1=p(4) A=l(4) D=o(4) X=r(4) m=u(4) 11=c(3) a=s(3) e=t(3) f=o(3) t=r(3) v=a(3) z=n(3) 1C=g(2) B=g(2) H=a(2) p=i(2) w=s(2) #=s(1) +=h(1) 1#=t(1) 1:=a(1) 1D=o(1) 1R=d(1) 1V=f(1) 1X=b(1) 1a=n(1) 1l=t(1) 1q=u(1) 1t=e(1) 1u=u(1) 1x=u(1) E=q(1) F=i(1) I=d(1) J=q(1) Z=u(1) j=m(1) k=u(1) q=l(1)
