restart 0: -2.663/window
restart 1: -2.703/window
restart 2: -2.560/window
restart 3: -2.643/window
best -2.559935290167001
eolesesinetdproelsen
msectisanttuiceansdenosuerreaailusieretme
dlleceulargenterenscardineunilssurpres
deodeendoyeraudantinuinalesaueme
steietebattusauoueetrlaeeie
draslinaleelinueasositidetureesetason
uriftiuntmueelinsenneessdelartcnlenue
pcetueuiiidn
aumanu
retreteeailieutlluusdecastcaruilapuni
ruenotesocc
rae
aceresneces
sdiaeraaultssuruieuronetases
fuemesenrenduliansenometier
tioiietintedarrcsnnt
aeusleu
hdceneuolenneatlesstepriea
eueeuesunlitireratuiremiteetsonunredeeo
paedesesgensleunloiriualaueseure
ansheteeieluiilaseilises
posoien
nrilestedictetsdeouiest
pelseiouide
arnelauilurutuertcl
o=e(49) R=u(25) T=r(23) d=t(20) 20=e(19) 12=s(16) L=e(16) C=i(15) Q=s(14) U=l(14) x=u(14) 41=s(13) K=r(13) W=a(13) 31=i(12) P=n(12) 17=d(11) V=a(11) 2=a(10) N=e(10) h=n(10) 19=s(9) 21=o(9) :=e(9) 14=t(8) 15=a(8) 32=c(8) l=n(8) 22=l(7) c=i(7) 1=l(6) 3=u(6) u=e(6) 16=n(5) 4=i(5) 5=e(5) D=e(5) X=o(5) y=t(5) 26=m(4) 7=i(4) 71=t(4) 9=o(4) 91=n(4) A=i(4) a=u(4) m=d(4) t=d(4) 10=l(3) 13=p(3) 8=c(3) 92=t(3) e=t(3) f=n(3) v=m(3) z=n(3) #=i(2) 11=r(2) 27=e(2) 6=c(2) 62=e(2) 72=u(2) 75=n(2) 79=h(2) B=p(2) H=l(2) p=s(2) q=i(2) w=l(2) +=p(1) 23=p(1) 29=l(1) 34=u(1) 35=c(1) 39=u(1) 40=o(1) 42=d(1) 51=d(1) 54=o(1) 58=a(1) 61=b(1) 67=c(1) 69=g(1) 70=y(1) 77=d(1) 83=t(1) 87=i(1) 90=f(1) 93=o(1) 95=e(1) E=f(1) F=l(1) I=p(1) J=m(1) Z=c(1) j=g(1) k=r(1)
