restart 0: -2.231/char
restart 1: -2.164/char
restart 2: -2.196/char
ltaeueseuensoleestei
bueunneurensemedudroitsiienteoemisdencero
rnaeulsseliereonetsmonriueiiaistanllce
deedeluretenussoienusereaceusesl
siercierontcspartieenlauleim
sldtantoitesruseetauanedcnsleltendeai
seiynestisseeaeutlireeueresdleuraeuse
omenieienrdi
dsrogi
leeleieedtmdecesauiugeretemonitaussie
liluanceemp
nde
emelleuerie
triolldeaanueslielalerenueet
hsesedcuneirtniorterereniol
eiereeinuierelepeuue
desuaes
brmeeestsetueutacetemplaco
eseealesretinllnunseleroieensagarnirmee
pdenttouteetnesiatantidauuestine
duubenelatasenauseioises
cqtantg
tleaetperignonsoituneet
ooatliesesi
dlrlauuisalinsclema
#=n +=c 1=a 10=n 11=e 12=t 13=o 14=e 15=e 16=t 17=r 19=u 2=o 20=e 21=e 22=s 23=s 26=r 27=o 29=o 3=a 31=i 32=m 34=t 35=r 39=r 4=a 40=t 41=s 42=g 5=o 51=o 54=a 58=pa 6=p 61=r 62=m 67=g 69=t 7=r 70=t 71=e 72=c 75=e 77=n 79=b 8=u 83=p 87=o 9=a 90=y 91=u 92=i 93=q 95=m :=e A=t B=p C=e D=i E=h F=e H=m I=l J=b K=n L=l N=c P=u Q=e R=s T=l U=a V=u W=d X=t Z=r a=u c=n d=n e=t f=g h=i j=i k=e l=r m=s o=e p=d q=d t=d u=t v=s w=i x=i y=i z=r
