restart 0: -2.135/char
restart 1: -2.169/char
llrnlilitercreperuesm
liietiennaiteeeausdecquerieornequeeuere
uesecuestclfecliastilesrenmeurauotieren
uzaunecaitmisparaledesaness
smleuitdeapesuincedestsetsepai
deiuinterinceealonusuersqueeatoutes
petruirepoiiessaiseueesoncaisgaadesua
mfelieupaen
tdeh
sgncredesluuiendeliureleseuraestrerep
ncsreleoasse
et
oearnulrrr
neisliltrelesplaireerrerted
msmtomneutauneueelalett
ppartrismeclfeiseerrass
ittueinst
psdpiequeritelliueetresiseson
laodesedepacemaisaulmeestnepnrllnpro
aneseseigneconneelitcdeleerainse
todistumeilueesleilcoiiious
messere
eiecseconinnriruneuilleestr
eetdieuaice
seerancleeneseriou
12=e 14=l 15=f 17=h 19=qu 21=t 22=o 23=l 24=m 28=r 29=e 30=i 33=e 36=i 37=a 38=d 39=n 41=d 44=t 45=d 46=a 50=l 51=l 54=a 56=u 57=a 59=qu 60=t 61=d 62=p 65=o 66=r 68=g 69=l 71=l 72=d 73=m 74=e 75=r 78=e 79=m 82=z 83=r 84=n 86=u 87=u 89=l 91=n 92=e 94=d 95=t 96=n 97=o 98=o s0=e s1=t s10=o s11=r s12=c s13=e s14=i s16=e s17=r s2=m s20=u s22=r s23=e s24=e s25=s s26=g s27=i s29=i s3=n s30=s s32=i s34=n s35=u s37=m s39=t s4=l s40=s s41=s s42=i s43=l s45=e s47=a s48=r s50=u s51=s s52=e s53=l s54=e s55=e s56=e s57=a s58=s s59=n s6=p s7=e s8=n s9=o
